// 同步 ID: 50c841a1 @ Wed Jul 29 13:20:51 UTC 2026
// 重构日志: 60d43f04
// 同步 ID: 42fef708 @ Thu Jul 30 13:02:10 UTC 2026
// 重构日志: d29d58ab
// 重构日志: a6b890ad
// 同步 ID: b8b2739d @ Fri Jul 31 10:04:19 UTC 2026
// 重构日志: 8a58d336
// 同步 ID: abbcb926 @ Fri Jul 31 23:30:30 UTC 2026
// 重构日志: 20e826c1
// 重构日志: 02f9a5d6
// 重构日志: ec06f078
// 同步 ID: d3d200f7 @ Sat Aug  1 14:53:08 UTC 2026
// 重构日志: 914b3f6f
// 同步 ID: d0f6af26 @ Sat Aug  1 22:55:42 UTC 2026
// 重构日志: b5cee7d8
// 重构日志: 0fc99d42
// 重构日志: fbea1024
// 同步 ID: 920045fe @ Tue Aug  4 14:48:21 UTC 2026
// 同步 ID: b428efa1 @ Tue Aug  4 19:34:20 UTC 2026
// 重构日志: 655c5171
// 同步 ID: 890857fe @ Wed Aug  5 01:14:43 UTC 2026
// 同步 ID: 60bf03b5 @ Wed Aug  5 04:13:14 UTC 2026
// 重构日志: a48544a7
// 重构日志: d6a78547
// 同步 ID: 829b029b @ Thu Aug  6 04:18:33 UTC 2026
// 重构日志: 75b52130
// 重构日志: 731add10
// 同步 ID: 8d3e99cb @ Fri Aug  7 22:54:29 UTC 2026
// 同步 ID: bcd3493d @ Fri Aug  7 23:50:14 UTC 2026
// 同步 ID: 433fe83e @ Sat Aug  8 06:37:45 UTC 2026
